Collecting pandas>=2.0.0 (from -r requirements.txt (line 1))
  Using cached pandas-3.0.5-cp314-cp314-win_amd64.whl.metadata (19 kB)
Collecting scikit-learn>=1.3.0 (from -r requirements.txt (line 2))
  Using cached scikit_learn-1.9.0-cp314-cp314-win_amd64.whl.metadata (11 kB)
Collecting streamlit>=1.30.0 (from -r requirements.txt (line 3))
  Using cached streamlit-1.61.1-py3-none-any.whl.metadata (10 kB)
Collecting numpy>=2.3.3 (from pandas>=2.0.0->-r requirements.txt (line 1))
  Using cached numpy-2.5.2-cp314-cp314-win_amd64.whl.metadata (6.6 kB)
Collecting python-dateutil>=2.8.2 (from pandas>=2.0.0->-r requirements.txt (line 1))
  Using cached python_dateutil-2.9.0.post0-py2.py3-none-any.whl.metadata (8.4 kB)
Collecting tzdata (from pandas>=2.0.0->-r requirements.txt (line 1))
  Using cached tzdata-2026.3-py2.py3-none-any.whl.metadata (1.4 kB)
Collecting scipy>=1.10.0 (from scikit-learn>=1.3.0->-r requirements.txt (line 2))
  Using cached scipy-1.18.0-cp314-cp314-win_amd64.whl.metadata (61 kB)
Collecting joblib>=1.4.0 (from scikit-learn>=1.3.0->-r requirements.txt (line 2))
  Using cached joblib-1.5.3-py3-none-any.whl.metadata (5.5 kB)
Collecting narwhals>=2.0.1 (from scikit-learn>=1.3.0->-r requirements.txt (line 2))
  Using cached narwhals-2.24.0-py3-none-any.whl.metadata (15 kB)
Collecting threadpoolctl>=3.5.0 (from scikit-learn>=1.3.0->-r requirements.txt (line 2))
  Using cached threadpoolctl-3.6.0-py3-none-any.whl.metadata (13 kB)
Collecting altair!=5.4.0,!=5.4.1,<7,>=5.0.0 (from streamlit>=1.30.0->-r requirements.txt (line 3))
  Using cached altair-6.2.2-py3-none-any.whl.metadata (11 kB)
Collecting blinker<2,>=1.5.0 (from streamlit>=1.30.0->-r requirements.txt (line 3))
  Using cached blinker-1.9.0-py3-none-any.whl.metadata (1.6 kB)
Collecting click<9,>=7.0 (from streamlit>=1.30.0->-r requirements.txt (line 3))
  Using cached click-8.4.2-py3-none-any.whl.metadata (2.6 kB)
Collecting packaging>=20 (from streamlit>=1.30.0->-r requirements.txt (line 3))
  Using cached packaging-26.3-py3-none-any.whl.metadata (3.5 kB)
Collecting pillow<13,>=7.1.0 (from streamlit>=1.30.0->-r requirements.txt (line 3))
  Using cached pillow-12.3.0-cp314-cp314-win_amd64.whl.metadata (9.3 kB)
Collecting pydeck<1,>=0.8.0b4 (from streamlit>=1.30.0->-r requirements.txt (line 3))
  Using cached pydeck-0.9.3-py2.py3-none-any.whl.metadata (4.2 kB)
Collecting protobuf<8,>=5.26.1 (from streamlit>=1.30.0->-r requirements.txt (line 3))
  Using cached protobuf-7.35.1-cp310-abi3-win_amd64.whl.metadata (595 bytes)
Collecting pyarrow<25,>=7.0 (from streamlit>=1.30.0->-r requirements.txt (line 3))
  Using cached pyarrow-24.0.0-cp314-cp314-win_amd64.whl.metadata (3.0 kB)
Collecting requests<3,>=2.27 (from streamlit>=1.30.0->-r requirements.txt (line 3))
  Using cached requests-2.34.2-py3-none-any.whl.metadata (4.8 kB)
Collecting tenacity<10,>=8.1.0 (from streamlit>=1.30.0->-r requirements.txt (line 3))
  Using cached tenacity-9.1.4-py3-none-any.whl.metadata (1.2 kB)
Collecting toml<2,>=0.10.1 (from streamlit>=1.30.0->-r requirements.txt (line 3))
  Using cached toml-0.10.2-py2.py3-none-any.whl.metadata (7.1 kB)
Collecting typing-extensions<5,>=4.10.0 (from streamlit>=1.30.0->-r requirements.txt (line 3))
  Using cached typing_extensions-4.16.0-py3-none-any.whl.metadata (3.3 kB)
Collecting starlette<1.4.0,>=0.46.0 (from streamlit>=1.30.0->-r requirements.txt (line 3))
  Using cached starlette-1.3.1-py3-none-any.whl.metadata (6.4 kB)
Collecting uvicorn<1,>=0.30.0 (from streamlit>=1.30.0->-r requirements.txt (line 3))
  Using cached uvicorn-0.52.1-py3-none-any.whl.metadata (6.6 kB)
Collecting httptools<1,>=0.6.3 (from streamlit>=1.30.0->-r requirements.txt (line 3))
  Using cached httptools-0.8.0-cp314-cp314-win_amd64.whl.metadata (3.7 kB)
Collecting anyio<5,>=4.0.0 (from streamlit>=1.30.0->-r requirements.txt (line 3))
  Using cached anyio-4.14.2-py3-none-any.whl.metadata (4.6 kB)
Collecting python-multipart<1,>=0.0.10 (from streamlit>=1.30.0->-r requirements.txt (line 3))
  Using cached python_multipart-0.0.32-py3-none-any.whl.metadata (2.1 kB)
Collecting websockets<17,>=12.0.0 (from streamlit>=1.30.0->-r requirements.txt (line 3))
  Using cached websockets-16.1.1-cp314-cp314-win_amd64.whl.metadata (7.0 kB)
Collecting itsdangerous<3,>=2.1.2 (from streamlit>=1.30.0->-r requirements.txt (line 3))
  Using cached itsdangerous-2.2.0-py3-none-any.whl.metadata (1.9 kB)
Collecting watchdog<7,>=2.1.5 (from streamlit>=1.30.0->-r requirements.txt (line 3))
  Using cached watchdog-6.0.0-py3-none-win_amd64.whl.metadata (44 kB)
Collecting jinja2 (from altair!=5.4.0,!=5.4.1,<7,>=5.0.0->streamlit>=1.30.0->-r requirements.txt (line 3))
  Using cached jinja2-3.1.6-py3-none-any.whl.metadata (2.9 kB)
Collecting jsonschema>=3.0 (from altair!=5.4.0,!=5.4.1,<7,>=5.0.0->streamlit>=1.30.0->-r requirements.txt (line 3))
  Using cached jsonschema-4.26.0-py3-none-any.whl.metadata (7.6 kB)
Collecting idna>=2.8 (from anyio<5,>=4.0.0->streamlit>=1.30.0->-r requirements.txt (line 3))
  Using cached idna-3.18-py3-none-any.whl.metadata (6.1 kB)
Collecting colorama (from click<9,>=7.0->streamlit>=1.30.0->-r requirements.txt (line 3))
  Using cached colorama-0.4.6-py2.py3-none-any.whl.metadata (17 kB)
Collecting charset_normalizer<4,>=2 (from requests<3,>=2.27->streamlit>=1.30.0->-r requirements.txt (line 3))
  Using cached charset_normalizer-3.5.0-cp314-cp314-win_amd64.whl.metadata (44 kB)
Collecting urllib3<3,>=1.26 (from requests<3,>=2.27->streamlit>=1.30.0->-r requirements.txt (line 3))
  Using cached urllib3-2.7.0-py3-none-any.whl.metadata (6.9 kB)
Collecting certifi>=2023.5.7 (from requests<3,>=2.27->streamlit>=1.30.0->-r requirements.txt (line 3))
  Using cached certifi-2026.7.22-py3-none-any.whl.metadata (2.5 kB)
Collecting h11>=0.8 (from uvicorn<1,>=0.30.0->streamlit>=1.30.0->-r requirements.txt (line 3))
  Using cached h11-0.16.0-py3-none-any.whl.metadata (8.3 kB)
Collecting MarkupSafe>=2.0 (from jinja2->altair!=5.4.0,!=5.4.1,<7,>=5.0.0->streamlit>=1.30.0->-r requirements.txt (line 3))
  Using cached markupsafe-3.0.3-cp314-cp314-win_amd64.whl.metadata (2.8 kB)
Collecting attrs>=22.2.0 (from jsonschema>=3.0->altair!=5.4.0,!=5.4.1,<7,>=5.0.0->streamlit>=1.30.0->-r requirements.txt (line 3))
  Using cached attrs-26.1.0-py3-none-any.whl.metadata (8.8 kB)
Collecting jsonschema-specifications>=2023.03.6 (from jsonschema>=3.0->altair!=5.4.0,!=5.4.1,<7,>=5.0.0->streamlit>=1.30.0->-r requirements.txt (line 3))
  Using cached jsonschema_specifications-2025.9.1-py3-none-any.whl.metadata (2.9 kB)
Collecting referencing>=0.28.4 (from jsonschema>=3.0->altair!=5.4.0,!=5.4.1,<7,>=5.0.0->streamlit>=1.30.0->-r requirements.txt (line 3))
  Using cached referencing-0.37.0-py3-none-any.whl.metadata (2.8 kB)
Collecting rpds-py>=0.25.0 (from jsonschema>=3.0->altair!=5.4.0,!=5.4.1,<7,>=5.0.0->streamlit>=1.30.0->-r requirements.txt (line 3))
  Using cached rpds_py-2026.6.3-cp314-cp314-win_amd64.whl.metadata (4.2 kB)
Collecting six>=1.5 (from python-dateutil>=2.8.2->pandas>=2.0.0->-r requirements.txt (line 1))
  Using cached six-1.17.0-py2.py3-none-any.whl.metadata (1.7 kB)
Using cached pandas-3.0.5-cp314-cp314-win_amd64.whl (10.0 MB)
Downloading scikit_learn-1.9.0-cp314-cp314-win_amd64.whl (8.3 MB)
   ---------------------------------------- 8.3/8.3 MB 57.7 kB/s  0:02:41
Using cached streamlit-1.61.1-py3-none-any.whl (10.5 MB)
Using cached altair-6.2.2-py3-none-any.whl (797 kB)
Using cached anyio-4.14.2-py3-none-any.whl (125 kB)
Using cached blinker-1.9.0-py3-none-any.whl (8.5 kB)
Using cached click-8.4.2-py3-none-any.whl (119 kB)
Using cached httptools-0.8.0-cp314-cp314-win_amd64.whl (92 kB)
Using cached itsdangerous-2.2.0-py3-none-any.whl (16 kB)
Downloading numpy-2.5.2-cp314-cp314-win_amd64.whl (12.6 MB)
